// Jest Snapshot v1, https://goo.gl/fbAQLP

exports[`\`Calculator Snapshots should render our Snapshots correctly 1`] = `
<Fragment>
  <a
    className="follow"
    href="http://twitter.com/elieladelrom"
  >
    @elieladelrom
  </a>
  <h1
    className="title"
  >
    Online \`Calculator
     - Version #
    0.01-beta
  </h1>
  <p>
    <button
      id="btn"
      onClick={[Function]}
    >
      Start Over
    </button>
  </p>
  <div
    className="calculator-output"
  >
    0
  </div>
  <ImageMapper
    active={true}
    fillColor="rgba(255, 255, 255, 0.5)"
    lineWidth={1}
    map={
      Object {
        "areas": Array [
          Object {
            "coords": Array [
              3,
              387,
              227,
              474,
            ],
            "name": "0",
            "shape": "rect",
          },
          Object {
            "coords": Array [
              2,
              291,
              112,
              382,
            ],
            "name": "1",
            "shape": "rect",
          },
          Object {
            "coords": Array [
              116,
              290,
              227,
              382,
            ],
            "name": "2",
            "shape": "rect",
          },
          Object {
            "coords": Array [
              342,
              382,
              232,
              290,
            ],
            "name": "3",
            "shape": "rect",
          },
          Object {
            "coords": Array [
              3,
              194,
              111,
              290,
            ],
            "name": "4",
            "shape": "rect",
          },
          Object {
            "coords": Array [
              115,
              193,
              227,
              290,
            ],
            "name": "5",
            "shape": "rect",
          },
          Object {
            "coords": Array [
              231,
              194,
              343,
              290,
            ],
            "name": "6",
            "shape": "rect",
          },
          Object {
            "coords": Array [
              4,
              97,
              111,
              191,
            ],
            "name": "7",
            "shape": "rect",
          },
          Object {
            "coords": Array [
              115,
              99,
              227,
              191,
            ],
            "name": "8",
            "shape": "rect",
          },
          Object {
            "coords": Array [
              231,
              98,
              343,
              191,
            ],
            "name": "9",
            "shape": "rect",
          },
          Object {
            "coords": Array [
              348,
              291,
              463,
              382,
            ],
            "name": "+",
            "shape": "rect",
          },
          Object {
            "coords": Array [
              348,
              195,
              463,
              290,
            ],
            "name": "-",
            "shape": "rect",
          },
          Object {
            "coords": Array [
              348,
              98,
              463,
              191,
            ],
            "name": "*",
            "shape": "rect",
          },
          Object {
            "coords": Array [
              348,
              3,
              463,
              93,
            ],
            "name": "/",
            "shape": "rect",
          },
          Object {
            "coords": Array [
              348,
              387,
              463,
              474,
            ],
            "name": "=",
            "shape": "rect",
          },
        ],
        "name": "my-map",
      }
    }
    onClick={[Function]}
    src="calculator.jpg"
    strokeColor="rgba(0, 0, 0, 0.5)"
  />
</Fragment>
`;

exports[`CalculatorJS Snapshots should render our Snapshots correctly 1`] = `
<Fragment>
  <a
    className="follow"
    href="http://twitter.com/elieladelrom"
  >
    @elieladelrom
  </a>
  <h1
    className="title"
  >
    Online CalculatorJS
     - Version #
    0.01-beta
  </h1>
  <p>
    <button
      onClick={[Function]}
    >
      Start Over
    </button>
  </p>
  <div
    className="calculator-output"
  >
    0
  </div>
  <ImageMapper
    active={true}
    fillColor="rgba(255, 255, 255, 0.5)"
    lineWidth={1}
    map={
      Object {
        "areas": Array [
          Object {
            "coords": Array [
              3,
              387,
              227,
              474,
            ],
            "name": "0",
            "shape": "rect",
          },
          Object {
            "coords": Array [
              2,
              291,
              112,
              382,
            ],
            "name": "1",
            "shape": "rect",
          },
          Object {
            "coords": Array [
              116,
              290,
              227,
              382,
            ],
            "name": "2",
            "shape": "rect",
          },
          Object {
            "coords": Array [
              342,
              382,
              232,
              290,
            ],
            "name": "3",
            "shape": "rect",
          },
          Object {
            "coords": Array [
              3,
              194,
              111,
              290,
            ],
            "name": "4",
            "shape": "rect",
          },
          Object {
            "coords": Array [
              115,
              193,
              227,
              290,
            ],
            "name": "5",
            "shape": "rect",
          },
          Object {
            "coords": Array [
              231,
              194,
              343,
              290,
            ],
            "name": "6",
            "shape": "rect",
          },
          Object {
            "coords": Array [
              4,
              97,
              111,
              191,
            ],
            "name": "7",
            "shape": "rect",
          },
          Object {
            "coords": Array [
              115,
              99,
              227,
              191,
            ],
            "name": "8",
            "shape": "rect",
          },
          Object {
            "coords": Array [
              231,
              98,
              343,
              191,
            ],
            "name": "9",
            "shape": "rect",
          },
          Object {
            "coords": Array [
              348,
              291,
              463,
              382,
            ],
            "name": "+",
            "shape": "rect",
          },
          Object {
            "coords": Array [
              348,
              195,
              463,
              290,
            ],
            "name": "-",
            "shape": "rect",
          },
          Object {
            "coords": Array [
              348,
              98,
              463,
              191,
            ],
            "name": "*",
            "shape": "rect",
          },
          Object {
            "coords": Array [
              348,
              3,
              463,
              93,
            ],
            "name": "/",
            "shape": "rect",
          },
          Object {
            "coords": Array [
              348,
              387,
              463,
              474,
            ],
            "name": "=",
            "shape": "rect",
          },
        ],
        "name": "my-map",
      }
    }
    onClick={[Function]}
    src="calculator.jpg"
    strokeColor="rgba(0, 0, 0, 0.5)"
  />
</Fragment>
`;
